
> v8-debug@0.5.4 preinstall E:\Project\concordya-web\node_modules\.staging\v8-debug-1ed77f5acdfd416f8e740a4860fcea03
>  


> bufferutil@1.2.1 install E:\Project\concordya-web\node_modules\bufferutil
> node-gyp rebuild


E:\Project\concordya-web\node_modules\bufferutil>if not defined npm_config_node_gyp (node "C:\Program Files\nodejs\node_modules\npm\bin\node-gyp-bin\\..\..\node_modules\node-gyp\bin\node-gyp.js" rebuild )  else (node  rebuild ) 
ÔÚ´Ë½â¾ö·½°¸ÖÐÒ»´ÎÉú³ÉÒ»¸öÏîÄ¿¡£ÈôÒªÆôÓÃ²¢ÐÐÉú³É£¬ÇëÌí¼Ó¡°/m¡±¿ª¹Ø¡£
  TRACKER : ´íÎó TRK0005: Î´ÄÜÕÒµ½: ¡°CL.exe¡±¡£ÏµÍ³ÕÒ²»µ½Ö¸¶¨µÄÎÄ¼þ¡£
  
  
C:\Program Files (x86)\MSBuild\Microsoft.Cpp\v4.0\V140\Microsoft.CppCommon.targets(355,5): error MSB6006: ¡°CL.exe¡±ÒÑÍË³ö£¬´úÂëÎª 5¡£ [E:\Project\concordya-web\node_modules\bufferutil\build\bufferutil.vcxproj]

> utf-8-validate@1.2.1 install E:\Project\concordya-web\node_modules\utf-8-validate
> node-gyp rebuild


E:\Project\concordya-web\node_modules\utf-8-validate>if not defined npm_config_node_gyp (node "C:\Program Files\nodejs\node_modules\npm\bin\node-gyp-bin\\..\..\node_modules\node-gyp\bin\node-gyp.js" rebuild )  else (node  rebuild ) 
ÔÚ´Ë½â¾ö·½°¸ÖÐÒ»´ÎÉú³ÉÒ»¸öÏîÄ¿¡£ÈôÒªÆôÓÃ²¢ÐÐÉú³É£¬ÇëÌí¼Ó¡°/m¡±¿ª¹Ø¡£
  TRACKER : ´íÎó TRK0005: Î´ÄÜÕÒµ½: ¡°CL.exe¡±¡£ÏµÍ³ÕÒ²»µ½Ö¸¶¨µÄÎÄ¼þ¡£
  
  
C:\Program Files (x86)\MSBuild\Microsoft.Cpp\v4.0\V140\Microsoft.CppCommon.targets(355,5): error MSB6006: ¡°CL.exe¡±ÒÑÍË³ö£¬´úÂëÎª 5¡£ [E:\Project\concordya-web\node_modules\utf-8-validate\build\validation.vcxproj]

> v8-debug@0.5.4 install E:\Project\concordya-web\node_modules\v8-debug
> node-pre-gyp install --fallback-to-build


E:\Project\concordya-web\node_modules\v8-debug>if not defined npm_config_node_gyp (node "C:\Program Files\nodejs\node_modules\npm\bin\node-gyp-bin\\..\..\node_modules\node-gyp\bin\node-gyp.js" clean )  else (node  clean ) 

E:\Project\concordya-web\node_modules\v8-debug>if not defined npm_config_node_gyp (node "C:\Program Files\nodejs\node_modules\npm\bin\node-gyp-bin\\..\..\node_modules\node-gyp\bin\node-gyp.js" configure --fallback-to-build --module=E:\Project\concordya-web\node_modules\v8-debug\build\debug\v0.5.4\node-v47-win32-x64\debug.node --module_name=debug --module_path=E:\Project\concordya-web\node_modules\v8-debug\build\debug\v0.5.4\node-v47-win32-x64 )  else (node  configure --fallback-to-build --module=E:\Project\concordya-web\node_modules\v8-debug\build\debug\v0.5.4\node-v47-win32-x64\debug.node --module_name=debug --module_path=E:\Project\concordya-web\node_modules\v8-debug\build\debug\v0.5.4\node-v47-win32-x64 ) 

E:\Project\concordya-web\node_modules\v8-debug>if not defined npm_config_node_gyp (node "C:\Program Files\nodejs\node_modules\npm\bin\node-gyp-bin\\..\..\node_modules\node-gyp\bin\node-gyp.js" build --fallback-to-build --module=E:\Project\concordya-web\node_modules\v8-debug\build\debug\v0.5.4\node-v47-win32-x64\debug.node --module_name=debug --module_path=E:\Project\concordya-web\node_modules\v8-debug\build\debug\v0.5.4\node-v47-win32-x64 )  else (node  build --fallback-to-build --module=E:\Project\concordya-web\node_modules\v8-debug\build\debug\v0.5.4\node-v47-win32-x64\debug.node --module_name=debug --module_path=E:\Project\concordya-web\node_modules\v8-debug\build\debug\v0.5.4\node-v47-win32-x64 ) 
ÔÚ´Ë½â¾ö·½°¸ÖÐÒ»´ÎÉú³ÉÒ»¸öÏîÄ¿¡£ÈôÒªÆôÓÃ²¢ÐÐÉú³É£¬ÇëÌí¼Ó¡°/m¡±¿ª¹Ø¡£
  TRACKER : ´íÎó TRK0005: Î´ÄÜÕÒµ½: ¡°CL.exe¡±¡£ÏµÍ³ÕÒ²»µ½Ö¸¶¨µÄÎÄ¼þ¡£
  
  
C:\Program Files (x86)\MSBuild\Microsoft.Cpp\v4.0\V140\Microsoft.CppCommon.targets(355,5): error MSB6006: ¡°CL.exe¡±ÒÑÍË³ö£¬´úÂëÎª 5¡£ [E:\Project\concordya-web\node_modules\v8-debug\build\debug.vcxproj]
Failed to execute 'node-gyp.cmd build --fallback-to-build --module=E:\Project\concordya-web\node_modules\v8-debug\build\debug\v0.5.4\node-v47-win32-x64\debug.node --module_name=debug --module_path=E:\Project\concordya-web\node_modules\v8-debug\build\debug\v0.5.4\node-v47-win32-x64' (1)
concordya@1.1.0 E:\Project\concordya-web
â”œâ”€â”¬ grunt-concurrent@2.0.4
â”‚ â””â”€â”¬ pad-stream@1.2.0
â”‚   â””â”€â”¬ meow@3.5.0
â”‚     â””â”€â”€ minimist@1.2.0 
â”œâ”€â”¬ grunt-contrib-compress@0.13.0
â”‚ â””â”€â”¬ archiver@0.13.1
â”‚   â””â”€â”€ async@0.9.2 
â”œâ”€â”¬ grunt-contrib-connect@0.11.2
â”‚ â””â”€â”€ async@0.9.2 
â”œâ”€â”¬ grunt-contrib-htmlmin@0.5.0
â”‚ â””â”€â”¬ html-minifier@0.8.0
â”‚   â””â”€â”¬ cli@0.10.0
â”‚     â””â”€â”¬ glob@5.0.15 
â”‚       â””â”€â”€ minimatch@3.0.0 
â”œâ”€â”¬ grunt-contrib-imagemin@0.9.4
â”‚ â”œâ”€â”€ async@0.9.2 
â”‚ â””â”€â”¬ imagemin@3.2.2
â”‚   â””â”€â”¬ imagemin-gifsicle@4.2.0
â”‚     â””â”€â”¬ gifsicle@3.0.1
â”‚       â”œâ”€â”¬ bin-build@2.2.0
â”‚       â”‚ â”œâ”€â”¬ decompress@3.0.0
â”‚       â”‚ â”‚ â”œâ”€â”¬ decompress-tar@3.1.0
â”‚       â”‚ â”‚ â”‚ â””â”€â”¬ strip-dirs@1.1.1
â”‚       â”‚ â”‚ â”‚   â””â”€â”€ minimist@1.2.0 
â”‚       â”‚ â”‚ â””â”€â”¬ vinyl-fs@2.2.1
â”‚       â”‚ â”‚   â””â”€â”¬ glob-stream@5.2.0
â”‚       â”‚ â”‚     â””â”€â”€ glob@5.0.15 
â”‚       â”‚ â””â”€â”¬ download@4.4.1
â”‚       â”‚   â””â”€â”¬ gulp-decompress@1.2.0
â”‚       â”‚     â””â”€â”¬ gulp-util@3.0.7
â”‚       â”‚       â””â”€â”€ minimist@1.2.0 
â”‚       â””â”€â”¬ bin-wrapper@3.0.2
â”‚         â””â”€â”¬ bin-version-check@2.1.0
â”‚           â””â”€â”€ minimist@1.2.0 
â”œâ”€â”¬ grunt-contrib-jshint@0.11.3
â”‚ â””â”€â”¬ jshint@2.8.0
â”‚   â””â”€â”€ strip-json-comments@1.0.4 
â”œâ”€â”¬ grunt-contrib-less@1.0.1
â”‚ â””â”€â”€ async@0.9.2 
â”œâ”€â”¬ grunt-ftp-deploy@0.1.10
â”‚ â””â”€â”€ async@0.9.2 
â”œâ”€â”¬ grunt-html-validation@0.1.18
â”‚ â””â”€â”¬ request@2.34.0
â”‚   â””â”€â”¬ form-data@0.1.4
â”‚     â””â”€â”€ async@0.9.2 
â”œâ”€â”¬ grunt-injector@0.6.1
â”‚ â””â”€â”¬ wiredep@2.2.2
â”‚   â””â”€â”€ minimist@1.2.0 
â”œâ”€â”¬ grunt-nodemon@0.4.0
â”‚ â””â”€â”¬ nodemon@1.3.8
â”‚   â””â”€â”¬ update-notifier@0.3.2
â”‚     â””â”€â”¬ latest-version@1.0.1
â”‚       â””â”€â”¬ package-json@1.2.0
â”‚         â””â”€â”¬ registry-url@3.0.3
â”‚           â””â”€â”¬ rc@1.1.5 
â”‚             â”œâ”€â”€ deep-extend@0.4.0 
â”‚             â”œâ”€â”€ minimist@1.2.0 
â”‚             â””â”€â”€ strip-json-comments@1.0.4 
â”œâ”€â”¬ karma@0.13.15
â”‚ â”œâ”€â”€ glob@5.0.15 
â”‚ â””â”€â”€ minimatch@3.0.0 
â”œâ”€â”¬ karma-coverage@0.5.3
â”‚ â”œâ”€â”¬ istanbul@0.4.0
â”‚ â”‚ â”œâ”€â”¬ fileset@0.2.1
â”‚ â”‚ â”‚ â””â”€â”€ glob@5.0.15 
â”‚ â”‚ â””â”€â”€ which@1.2.0 
â”‚ â””â”€â”€ minimatch@3.0.0 
â”œâ”€â”¬ karma-jshint-preprocessor@0.0.5
â”‚ â””â”€â”¬ jshint@2.5.11
â”‚   â””â”€â”€ strip-json-comments@1.0.4 
â”œâ”€â”€ UNMET PEER DEPENDENCY phantomjs@>=1.9
â”œâ”€â”¬ protractor@2.5.1
â”‚ â””â”€â”¬ request@2.57.0
â”‚   â””â”€â”¬ form-data@0.2.0
â”‚     â””â”€â”€ async@0.9.2 
â””â”€â”¬ supertest@1.1.0
  â””â”€â”¬ superagent@1.3.0
    â””â”€â”¬ form-data@0.2.0
      â””â”€â”€ async@0.9.2 

